Execution log  :  task3_1_capp_feature_recognizer.py
Interpreter    :  Python 3.11.15
Executed on    :  2026-10-02 10:14:18 UTC
Exit status    :  (see end of file)
================================================================================

####################################################################################################
# TASK 3.1 - GENERATIVE CAPP FEATURE RECOGNIZER : TEST VERIFICATION RUN
####################################################################################################

====================================================================================================
GENERATIVE PROCESS PLAN  -  TEST CASE 1 - Stepped transmission shaft (MS)
====================================================================================================
  Work material      : MILD_STEEL
  Stock              : ø50.0 x 100.0 mm bar
  Finished steps     : ø30.0x25.0, ø40.0x30.0, ø50.0x40.0
  Thread             : pitch 1.5 mm over 20.0 mm
  Chamfer            : 2.0 mm x 45.0°
----------------------------------------------------------------------------------------------------
 # Operation                         Tool      Vc      N      f    ap   x   t,min
----------------------------------------------------------------------------------------------------
 1 Face the bar end                  T0101    180   1146  0.200  1.00   1   0.189
 2 Rough turn step 1 to ø30.0        T0101    200   1592  0.300  2.50   4   0.289
 3 Rough turn step 2 to ø40.0        T0101    200   1415  0.300  2.50   2   0.339
 4 Thread relief groove              T0303    120   1273  0.080  2.00   2   0.119
 5 Finish turn step 1 to ø30.0       T0202    260   2759  0.120  0.40   1   0.156
 6 Finish turn step 2 to ø40.0       T0202    260   2069  0.120  0.40   1   0.302
 7 Chamfer 2.0x45°                   T0202    220   2334  0.100  0.50   1   0.092
 8 Thread M30x1.5 over 20.0 mm       T0404    100   1061  1.500    -    9   0.227
 9 Part off component                T0303    110    700  0.070  2.50   1   0.590
----------------------------------------------------------------------------------------------------
   TOTAL CYCLE TIME (machining + approach)                                       2.303
   equivalent                         = 138.2 seconds per component
====================================================================================================
Tooling list
   T0101 : DCLNR 2525 M12 + CNMG 120408-PR - 95 deg right-hand roughing tool, 0.8 mm nose
   T0202 : SDJCR 2525 M11 + DCMT 11T304-PF - finishing tool used at 45 deg for chamfering
   T0303 : QD-LCH 2525 + QD-NH-0300 - 3 mm parting blade
   T0404 : SER 2525 M16 + 16ER AG60 - 60 deg external threading insert
Operation notes
   [1] G94 facing cycle, constant surface speed recommended
   [2] radial stock 10.00 mm / ap 2.5 mm
   [3] radial stock 5.00 mm / ap 2.5 mm
   [4] groove 4.0 mm wide x 2.0 mm deep
   [8] 9 infeed passes, feed = pitch = 1.5 mm/rev

   >>> SANITY CHECKS PASSED for this case

====================================================================================================
GENERATIVE PROCESS PLAN  -  TEST CASE 2 - Aluminium locating pin (no thread)
====================================================================================================
  Work material      : ALUMINIUM
  Stock              : ø25.0 x 60.0 mm bar
  Finished steps     : ø12.0x20.0, ø20.0x25.0
  Chamfer            : 1.0 mm x 45.0°
----------------------------------------------------------------------------------------------------
 # Operation                         Tool      Vc      N      f    ap   x   t,min
----------------------------------------------------------------------------------------------------
 1 Face the bar end                  T0101    500   6000  0.250  1.50   1   0.088
 2 Rough turn step 1 to ø12.0        T0101    600   6000  0.350  3.00   3   0.109
 3 Rough turn step 2 to ø20.0        T0101    600   6000  0.350  3.00   1   0.101
 4 Finish turn step 1 to ø12.0       T0202    800   6000  0.150  0.50   1   0.102
 5 Finish turn step 2 to ø20.0       T0202    800   6000  0.150  0.50   1   0.130
 6 Chamfer 1.0x45°                   T0202    700   6000  0.120  0.50   1   0.082
 7 Part off component                T0303    250   3979  0.100  2.50   1   0.105
----------------------------------------------------------------------------------------------------
   TOTAL CYCLE TIME (machining + approach)                                       0.718
   equivalent                         = 43.1 seconds per component
====================================================================================================
Tooling list
   T0101 : DCLNR 2525 M12 + CNMG 120408-PR - 95 deg right-hand roughing tool, 0.8 mm nose
   T0202 : SDJCR 2525 M11 + DCMT 11T304-PF - finishing tool used at 45 deg for chamfering
   T0303 : QD-LCH 2525 + QD-NH-0300 - 3 mm parting blade
Operation notes
   [1] G94 facing cycle, constant surface speed recommended
   [2] radial stock 6.50 mm / ap 3.0 mm
   [3] radial stock 2.50 mm / ap 3.0 mm

   >>> SANITY CHECKS PASSED for this case

====================================================================================================
GENERATIVE PROCESS PLAN  -  TEST CASE 3 - Stainless valve stem (heavy stock)
====================================================================================================
  Work material      : STAINLESS
  Stock              : ø90.0 x 150.0 mm bar
  Finished steps     : ø48.0x40.0, ø70.0x45.0, ø90.0x50.0
  Thread             : pitch 2.5 mm over 35.0 mm
  Chamfer            : 2.5 mm x 45.0°
----------------------------------------------------------------------------------------------------
 # Operation                         Tool      Vc      N      f    ap   x   t,min
----------------------------------------------------------------------------------------------------
 1 Face the bar end                  T0101    110    389  0.150  0.80   2   1.622
 2 Rough turn step 1 to ø48.0        T0101    120    554  0.200  1.50  14   5.138
 3 Rough turn step 2 to ø70.0        T0101    120    477  0.200  1.50   7   6.311
 4 Thread relief groove              T0303     70    464  0.050  3.00   2   0.339
 5 Finish turn step 1 to ø48.0       T0202    150    995  0.090  0.30   1   0.527
 6 Finish turn step 2 to ø70.0       T0202    150    682  0.090  0.30   1   1.465
 7 Chamfer 2.5x45°                   T0202    140    928  0.070  0.40   1   0.134
 8 Thread M48x2.5 over 35.0 mm       T0404     60    398  2.500    -   13   0.668
 9 Part off component                T0303     65    230  0.050  2.00   1   3.995
----------------------------------------------------------------------------------------------------
   TOTAL CYCLE TIME (machining + approach)                                      20.198
   equivalent                         = 1211.9 seconds per component
====================================================================================================
Tooling list
   T0101 : DCLNR 2525 M12 + CNMG 120408-PR - 95 deg right-hand roughing tool, 0.8 mm nose
   T0202 : SDJCR 2525 M11 + DCMT 11T304-PF - finishing tool used at 45 deg for chamfering
   T0303 : QD-LCH 2525 + QD-NH-0300 - 3 mm parting blade
   T0404 : SER 2525 M16 + 16ER AG60 - 60 deg external threading insert
Operation notes
   [1] G94 facing cycle, constant surface speed recommended
   [2] radial stock 21.00 mm / ap 1.5 mm
   [3] radial stock 10.00 mm / ap 1.5 mm
   [4] groove 6.0 mm wide x 3.0 mm deep
   [8] 13 infeed passes, feed = pitch = 2.5 mm/rev

   >>> SANITY CHECKS PASSED for this case

====================================================================================================
SUMMARY OF THE THREE TEST CASES
====================================================================================================
Case                                                 Ops   Cycle time, min
TEST CASE 1 - Stepped transmission shaft (MS)          9             2.303
TEST CASE 2 - Aluminium locating pin (no thread)       7             0.718
TEST CASE 3 - Stainless valve stem (heavy stock)       9            20.198
====================================================================================================
ALL TEST CASES COMPLETED SUCCESSFULLY
================================================================================
PROCESS EXIT CODE: 0
